#-check_same_via_cell true               # bool, default=false, user setting
 *** Starting Verify DRC (MEM: 2904.4) ***

  VERIFY DRC ...... Starting Verification
  VERIFY DRC ...... Initializing
  VERIFY DRC ...... Deleting Existing Violations
  VERIFY DRC ...... Creating Sub-Areas
**WARN: (IMPVFG-1198):	The number of CPUs requested 8 is larger than that verify_drc used 4. In Multithreading mode, the number of CPUs verify_drc used is not larger than the number of subareas.
 Use 'setMultiCpuUsage -localCpu' to specify the less cup number if the verify area is not large.
  VERIFY DRC ...... Using new threading
 VERIFY DRC ...... Sub-Area: {0.000 0.000 72.360 71.280} 1 of 4  Thread : 1
 VERIFY DRC ...... Sub-Area: {72.360 0.000 142.690 71.280} 2 of 4  Thread : 1
 VERIFY DRC ...... Sub-Area: {0.000 71.280 72.360 141.120} 3 of 4  Thread : 1
 VERIFY DRC ...... Thread : 0 finished.
 VERIFY DRC ...... Thread : 2 finished.
 VERIFY DRC ...... Sub-Area: {72.360 71.280 142.690 141.120} 4 of 4  Thread : 1
 VERIFY DRC ...... Thread : 1 finished.

  Verification Complete : 0 Viols.

 *** End Verify DRC (CPU: 0:00:01.0  ELAPSED TIME: 1.00  MEM: 256.1M) ***

