#-check_same_via_cell true               # bool, default=false, user setting
 *** Starting Verify DRC (MEM: 2907.2) ***

  VERIFY DRC ...... Starting Verification
  VERIFY DRC ...... Initializing
  VERIFY DRC ...... Deleting Existing Violations
  VERIFY DRC ...... Creating Sub-Areas
**WARN: (IMPVFG-1198):	The number of CPUs requested 8 is larger than that verify_drc used 4. In Multithreading mode, the number of CPUs verify_drc used is not larger than the number of subareas.
 Use 'setMultiCpuUsage -localCpu' to specify the less cup number if the verify area is not large.
  VERIFY DRC ...... Using new threading
 VERIFY DRC ...... Sub-Area: {0.000 0.000 58.320 58.320} 1 of 4  Thread : 0
 VERIFY DRC ...... Sub-Area: {58.320 0.000 115.900 58.320} 2 of 4  Thread : 0
 VERIFY DRC ...... Sub-Area: {0.000 58.320 58.320 114.520} 3 of 4  Thread : 0
 VERIFY DRC ...... Thread : 3 finished.
 VERIFY DRC ...... Sub-Area: {58.320 58.320 115.900 114.520} 4 of 4  Thread : 0
 VERIFY DRC ...... Thread : 0 finished.

  Verification Complete : 4 Viols.

 Violation Summary By Layer and Type:

	          Short   Totals
	metal2        2        2
	metal3        1        1
	metal5        1        1
	Totals        4        4

 *** End Verify DRC (CPU: 0:00:01.0  ELAPSED TIME: 1.00  MEM: 256.1M) ***

